device=NVIDIA A800 80GB PCIe
particles=4096
steps=1000
records=1001
integrator=leapfrog
dt=0.010000
gpu_simulation_sec=0.369516
gpu_kernel_compute_sec=0.369516
host_trajectory_copy_and_record_sec=0.363789
wall_total_sec=0.724972
trajectory_io_sec=0.111324
average_step_ms=0.369516
particle_steps_per_sec=11084756.879880
interactions_per_sec=45403164179.987053
cpu_benchmark_particles=1024
cpu_benchmark_steps=19
cpu_interactions_per_sec=59801137.052645
estimated_gpu_vs_cpu_speedup=759.235801
device_array_bytes=196608
gpu_memory_used_bytes=77622280192
initial_momentum_norm=165.896238
relative_momentum_error=0.000010
initial_energy=-3072.694097
final_energy=-3073.596243
relative_energy_error=0.000294
energy_diagnostic=sampled
energy_pairs_evaluated=8000000
trajectory_layout=particle-major [P,R,xyz]
