device=NVIDIA A800 80GB PCIe
particles=65536
steps=1000
records=1001
integrator=leapfrog
dt=0.010000
gpu_simulation_sec=12.060093
gpu_kernel_compute_sec=12.060093
host_trajectory_copy_and_record_sec=12.053385
wall_total_sec=14.646160
trajectory_io_sec=2.317873
average_step_ms=12.060093
particle_steps_per_sec=5434120.717906
interactions_per_sec=356130535368.659607
cpu_benchmark_particles=1024
cpu_benchmark_steps=19
cpu_interactions_per_sec=59247116.232261
estimated_gpu_vs_cpu_speedup=6010.934506
device_array_bytes=3145728
gpu_memory_used_bytes=77624377344
initial_momentum_norm=3770.964670
relative_momentum_error=0.000002
initial_energy=124676.046757
final_energy=124618.091186
relative_energy_error=0.000465
energy_diagnostic=sampled
energy_pairs_evaluated=8000000
trajectory_layout=particle-major [P,R,xyz]
