device=NVIDIA A800 80GB PCIe
particles=4096
steps=1000
records=1001
integrator=leapfrog
dt=0.010000
gpu_simulation_sec=0.608790
gpu_kernel_compute_sec=0.608790
host_trajectory_copy_and_record_sec=0.599919
wall_total_sec=1.767204
trajectory_io_sec=0.464193
average_step_ms=0.608790
particle_steps_per_sec=6728098.220869
interactions_per_sec=27558290312.677895
cpu_benchmark_particles=1024
cpu_benchmark_steps=19
cpu_interactions_per_sec=21658369.689322
estimated_gpu_vs_cpu_speedup=1272.408344
integration_accumulator=float64
force_precision=float32
trajectory_precision=float32
device_array_bytes=393216
gpu_memory_used_bytes=22821732352
initial_momentum_norm=165.896238
relative_momentum_error=0.000000
initial_energy=-3072.694097
final_energy=-3073.582306
relative_energy_error=0.000289
energy_diagnostic=sampled
energy_pairs_evaluated=8000000
trajectory_layout=particle-major [P,R,xyz]
