device=NVIDIA A800 80GB PCIe
particles=65536
steps=1000
records=1001
integrator=leapfrog
dt=0.010000
gpu_simulation_sec=20.765668
gpu_kernel_compute_sec=20.765668
host_trajectory_copy_and_record_sec=20.744478
wall_total_sec=28.437988
trajectory_io_sec=6.932191
average_step_ms=20.765669
particle_steps_per_sec=3155978.420662
interactions_per_sec=206830201776.482391
cpu_benchmark_particles=1024
cpu_benchmark_steps=19
cpu_interactions_per_sec=17923115.677471
estimated_gpu_vs_cpu_speedup=11539.857550
integration_accumulator=float64
force_precision=float32
trajectory_precision=float32
device_array_bytes=6291456
gpu_memory_used_bytes=22825926656
initial_momentum_norm=3770.964670
relative_momentum_error=0.000000
initial_energy=124676.046757
final_energy=124618.128887
relative_energy_error=0.000465
energy_diagnostic=sampled
energy_pairs_evaluated=8000000
trajectory_layout=particle-major [P,R,xyz]
