trajectory=results/benchmark_4096.bin
output=results/verified_4096/benchmark_4096_detail.mp4
backend=gpu
dimension=3d
trajectory_frames=1001
output_frames=1001
frame_stride=1
max_frames=None
particles=4096
objects_metadata=data/benchmark_4096_objects.txt
fps=25.000000
width=1280
height=720
z_scale=1.000000
trail_records=160
batch_frames=32
encoder_preset=veryfast
exposure=1.500000
output_size_bytes=674343
load_metadata_sec=0.007502
gpu_name=NVIDIA A800 80GB PCIe
video_encoder=libx264
func_animation=True
raster_width=960
raster_height=540
trail_particles=32
sampled_median_max_motion_pixels=0.183665
sampled_visible_fraction=1.000000
layout=detail
focus_particle_id=947
setup_sec=1.094401
frame_load_and_upload_sec=0.104876
raster_and_readback_sec=3.822620
matplotlib_encode_other_sec=385.392397
animation_save_sec=389.319893
update_p50_ms=4.068306
camera_low=[-93519.7421875, -52764.68359375]
camera_high=[93972.0703125, 52699.4609375]
visualization_total_sec=398.604975
export_frames_per_sec=2.511258
