trajectory=results/benchmark_65536.bin
output=results/verified_65536/benchmark_4096_detail.mp4
backend=gpu
dimension=3d
trajectory_frames=1001
output_frames=1001
frame_stride=1
max_frames=None
particles=65536
objects_metadata=data/benchmark_65536_objects.txt
fps=25.000000
width=1280
height=720
z_scale=1.000000
trail_records=160
batch_frames=32
encoder_preset=veryfast
exposure=1.500000
output_size_bytes=762849
load_metadata_sec=0.064369
gpu_name=NVIDIA A800 80GB PCIe
video_encoder=libx264
func_animation=True
raster_width=960
raster_height=540
trail_particles=32
sampled_median_max_motion_pixels=0.182725
sampled_visible_fraction=1.000000
layout=detail
focus_particle_id=10297
setup_sec=0.756483
frame_load_and_upload_sec=6.302805
raster_and_readback_sec=3.997578
matplotlib_encode_other_sec=382.543924
animation_save_sec=392.844306
update_p50_ms=4.431344
camera_low=[-94004.046875, -52938.703125]
camera_high=[93827.9609375, 52716.8046875]
visualization_total_sec=401.834636
export_frames_per_sec=2.491074
