backend=maca
device=MetaX GPU (see mx-smi for model)
tile_size=256
particles=4096
steps=1000
records=1001
integrator=leapfrog
dt=0.010000
gpu_simulation_sec=0.611687
simulation_timing_scope=host wall; kernels+D2H+CPU record; excludes initial record and final diagnostics
force_evaluations=1001
force_interactions=16793993216.000000
estimated_force_flops=335879864320.000000
estimated_force_flops_convention=20 per interaction, including one rsqrt; not instruction count
effective_simulation_gflops=549.104137
host_trajectory_copy_and_record_sec=0.598650
wall_total_sec=0.712157
trajectory_io_sec=0.030535
average_step_ms=0.611687
particle_steps_per_sec=6696235.122236
interactions_per_sec=27455206839.738583
cpu_benchmark_particles=1024
cpu_benchmark_steps=19
cpu_interactions_per_sec=243829330.884565
estimated_gpu_vs_cpu_speedup=112.600099
integration_accumulator=float64
force_precision=float32
trajectory_precision=float32
device_array_bytes=393216
device_wide_used_bytes_snapshot=182452224
host_trajectory_bytes=49201152
shared_bytes_per_block=4096
initial_momentum_norm=165.896238
relative_momentum_error=0.000000
initial_energy=-3072.694097
final_energy=-3073.582306
relative_energy_error=0.000289
energy_diagnostic=sampled
energy_pairs_evaluated=8000000
trajectory_layout=particle-major [P,R,xyz]
